[    0.000000] Initializing cgroup subsys cpuset
[    0.000000] Initializing cgroup subsys cpu
[    0.000000] Initializing cgroup subsys cpuacct
[    0.000000] Linux version 4.4.0-174-generic (buildd@lcy01-amd64-027) (gcc version 5.4.0 20160609 (Ubuntu 5.4.0-6ubuntu1~16.04.12) ) #204-Ubuntu SMP Wed Jan 29 06:41:01 UTC 2020 (Ubuntu 4.4.0-174.204-generic 4.4.211)
[    0.000000] Command line: BOOT_IMAGE=/boot/vmlinuz-4.4.0-174-generic root=LABEL=cloudimg-rootfs ro console=tty1 console=ttyS0
[    0.000000] KERNEL supported cpus:
[    0.000000]   Intel GenuineIntel
[    0.000000]   AMD AuthenticAMD
[    0.000000]   Centaur CentaurHauls
[    0.000000] x86/fpu: xstate_offset[2]:  576, xstate_sizes[2]:  256
[    0.000000] x86/fpu: Supporting XSAVE feature 0x01: 'x87 floating point registers'
[    0.000000] x86/fpu: Supporting XSAVE feature 0x02: 'SSE registers'
[    0.000000] x86/fpu: Supporting XSAVE feature 0x04: 'AVX registers'
[    0.000000] x86/fpu: Enabled xstate features 0x7, context size is 832 bytes, using 'standard' format.
[    0.000000] e820: BIOS-provided physical RAM map:
[    0.000000] BIOS-e820: [mem 0x0000000000000000-0x000000000009fbff] usable
[    0.000000] BIOS-e820: [mem 0x000000000009fc00-0x000000000009ffff] reserved
[    0.000000] BIOS-e820: [mem 0x00000000000f0000-0x00000000000fffff] reserved
[    0.000000] BIOS-e820: [mem 0x0000000000100000-0x000000003ffeffff] usable
[    0.000000] BIOS-e820: [mem 0x000000003fff0000-0x000000003fffffff] ACPI data
[    0.000000] BIOS-e820: [mem 0x00000000fec00000-0x00000000fec00fff] reserved
[    0.000000] BIOS-e820: [mem 0x00000000fee00000-0x00000000fee00fff] reserved
[    0.000000] BIOS-e820: [mem 0x00000000fffc0000-0x00000000ffffffff] reserved
[    0.000000] NX (Execute Disable) protection: active
[    0.000000] SMBIOS 2.5 present.
[    0.000000] Hypervisor detected: KVM
[    0.000000] e820: last_pfn = 0x3fff0 max_arch_pfn = 0x400000000
[    0.000000] MTRR: Disabled
[    0.000000] x86/PAT: MTRRs disabled, skipping PAT initialization too.
[    0.000000] CPU MTRRs all blank - virtualized system.
[    0.000000] x86/PAT: Configuration [0-7]: WB  WT  UC- UC  WB  WT  UC- UC  
[    0.000000] found SMP MP-table at [mem 0x0009fff0-0x0009ffff] mapped at [ffff88000009fff0]
[    0.000000] Scanning 1 areas for low memory corruption
[    0.000000] RAMDISK: [mem 0x362e0000-0x37167fff]
[    0.000000] ACPI: Early table checksum verification disabled
[    0.000000] ACPI: RSDP 0x00000000000E0000 000024 (v02 VBOX  )
[    0.000000] ACPI: XSDT 0x000000003FFF0030 00003C (v01 VBOX   VBOXXSDT 00000001 ASL  00000061)
[    0.000000] ACPI: FACP 0x000000003FFF00F0 0000F4 (v04 VBOX   VBOXFACP 00000001 ASL  00000061)
[    0.000000] ACPI: DSDT 0x000000003FFF0470 0022EA (v02 VBOX   VBOXBIOS 00000002 INTL 20190509)
[    0.000000] ACPI: FACS 0x000000003FFF0200 000040
[    0.000000] ACPI: FACS 0x000000003FFF0200 000040
[    0.000000] ACPI: APIC 0x000000003FFF0240 00005C (v02 VBOX   VBOXAPIC 00000001 ASL  00000061)
[    0.000000] ACPI: SSDT 0x000000003FFF02A0 0001CC (v01 VBOX   VBOXCPUT 00000002 INTL 20190509)
[    0.000000] No NUMA configuration found
[    0.000000] Faking a node at [mem 0x0000000000000000-0x000000003ffeffff]
[    0.000000] NODE_DATA(0) allocated [mem 0x3ffeb000-0x3ffeffff]
[    0.000000] kvm-clock: Using msrs 4b564d01 and 4b564d00
[    0.000000] kvm-clock: cpu 0, msr 0:3ffe3001, primary cpu clock
[    0.000000] kvm-clock: using sched offset of 3298599351 cycles
[    0.000000] clocksource: kvm-clock: mask: 0xffffffffffffffff max_cycles: 0x1cd42e4dffb, max_idle_ns: 881590591483 ns
[    0.000000] Zone ranges:
[    0.000000]   DMA      [mem 0x0000000000001000-0x0000000000ffffff]
[    0.000000]   DMA32    [mem 0x0000000001000000-0x000000003ffeffff]
[    0.000000]   Normal   empty
[    0.000000]   Device   empty
[    0.000000] Movable zone start for each node
[    0.000000] Early memory node ranges
[    0.000000]   node   0: [mem 0x0000000000001000-0x000000000009efff]
[    0.000000]   node   0: [mem 0x0000000000100000-0x000000003ffeffff]
[    0.000000] Initmem setup node 0 [mem 0x0000000000001000-0x000000003ffeffff]
[    0.000000] ACPI: PM-Timer IO Port: 0x4008
[    0.000000] IOAPIC[0]: apic_id 2, version 32, address 0xfec00000, GSI 0-23
[    0.000000] ACPI: INT_SRC_OVR (bus 0 bus_irq 0 global_irq 2 dfl dfl)
[    0.000000] ACPI: INT_SRC_OVR (bus 0 bus_irq 9 global_irq 9 low level)
[    0.000000] Using ACPI (MADT) for SMP configuration information
[    0.000000] smpboot: Allowing 2 CPUs, 0 hotplug CPUs
[    0.000000] PM: Registered nosave memory: [mem 0x00000000-0x00000fff]
[    0.000000] PM: Registered nosave memory: [mem 0x0009f000-0x0009ffff]
[    0.000000] PM: Registered nosave memory: [mem 0x000a0000-0x000effff]
[    0.000000] PM: Registered nosave memory: [mem 0x000f0000-0x000fffff]
[    0.000000] e820: [mem 0x40000000-0xfebfffff] available for PCI devices
[    0.000000] Booting paravirtualized kernel on KVM
[    0.000000] clocksource: refined-jiffies: mask: 0xffffffff max_cycles: 0xffffffff, max_idle_ns: 7645519600211568 ns
[    0.000000] setup_percpu: NR_CPUS:512 nr_cpumask_bits:512 nr_cpu_ids:2 nr_node_ids:1
[    0.000000] PERCPU: Embedded 33 pages/cpu @ffff88003fc00000 s95448 r8192 d31528 u1048576
[    0.000000] Built 1 zonelists in Node order, mobility grouping on.  Total pages: 257912
[    0.000000] Policy zone: DMA32
[    0.000000] Kernel command line: BOOT_IMAGE=/boot/vmlinuz-4.4.0-174-generic root=LABEL=cloudimg-rootfs ro console=tty1 console=ttyS0
[    0.000000] PID hash table entries: 4096 (order: 3, 32768 bytes)
[    0.000000] Memory: 997672K/1048120K available (8626K kernel code, 1336K rwdata, 4032K rodata, 1488K init, 1292K bss, 50448K reserved, 0K cma-reserved)
[    0.000000] SLUB: HWalign=64, Order=0-3, MinObjects=0, CPUs=2, Nodes=1
[    0.000000] Kernel/User page tables isolation: enabled
[    0.000000] Hierarchical RCU implementation.
[    0.000000] 	Build-time adjustment of leaf fanout to 64.
[    0.000000] 	RCU restricting CPUs from NR_CPUS=512 to nr_cpu_ids=2.
[    0.000000] RCU: Adjusting geometry for rcu_fanout_leaf=64, nr_cpu_ids=2
[    0.000000] NR_IRQS:33024 nr_irqs:440 16
[    0.000000] Console: colour VGA+ 80x25
[    0.000000] console [tty1] enabled
[    0.000000] console [ttyS0] enabled
[    0.000000] tsc: Detected 1799.971 MHz processor
[    0.142661] Calibrating delay loop (skipped) preset value.. 3599.94 BogoMIPS (lpj=7199884)
[    0.144621] pid_max: default: 32768 minimum: 301
[    0.145689] ACPI: Core revision 20150930
[    0.147860] ACPI: 2 ACPI AML tables successfully acquired and loaded
[    0.151023] Security Framework initialized
[    0.152307] Yama: becoming mindful.
[    0.153142] AppArmor: AppArmor initialized
[    0.154171] Dentry cache hash table entries: 131072 (order: 8, 1048576 bytes)
[    0.156330] Inode-cache hash table entries: 65536 (order: 7, 524288 bytes)
[    0.157377] Mount-cache hash table entries: 2048 (order: 2, 16384 bytes)
[    0.158371] Mountpoint-cache hash table entries: 2048 (order: 2, 16384 bytes)
[    0.159551] Initializing cgroup subsys io
[    0.160213] Initializing cgroup subsys memory
[    0.160942] Initializing cgroup subsys devices
[    0.161686] Initializing cgroup subsys freezer
[    0.162396] Initializing cgroup subsys net_cls
[    0.163105] Initializing cgroup subsys perf_event
[    0.163830] Initializing cgroup subsys net_prio
[    0.164608] Initializing cgroup subsys hugetlb
[    0.165315] Initializing cgroup subsys pids
[    0.167434] mce: CPU supports 0 MCE banks
[    0.168124] Last level iTLB entries: 4KB 64, 2MB 8, 4MB 8
[    0.168989] Last level dTLB entries: 4KB 64, 2MB 0, 4MB 0, 1GB 4
[    0.169899] Spectre V1 : Mitigation: usercopy/swapgs barriers and __user pointer sanitization
[    0.171219] Spectre V2 : Mitigation: Full generic retpoline
[    0.172053] Spectre V2 : Spectre v2 / SpectreRSB mitigation: Filling RSB on context switch
[    0.173363] Speculative Store Bypass: Vulnerable
[    0.174202] MDS: Mitigation: Clear CPU buffers
[    0.177221] Freeing SMP alternatives memory: 36K
[    0.183217] ftrace: allocating 32305 entries in 127 pages
[    0.236600] smpboot: APIC(0) Converting physical 0 to logical package 0
[    0.237715] smpboot: Max logical packages: 1
[    0.238680] x2apic enabled
[    0.239411] Switched APIC routing to physical x2apic.
[    0.241206] ..TIMER: vector=0x30 apic1=0 pin1=2 apic2=-1 pin2=-1
[    0.350214] smpboot: CPU0: Intel(R) Core(TM) i5-8250U CPU @ 1.60GHz (family: 0x6, model: 0x8e, stepping: 0xa)
[    0.351980] Performance Events: unsupported p6 CPU model 142 no PMU driver, software events only.
[    0.365393] KVM setup paravirtual spinlock
[    0.367060] x86: Booting SMP configuration:
[    0.368069] .... node  #0, CPUs:      #1
[    0.369228] kvm-clock: cpu 1, msr 0:3ffe3041, secondary cpu clock
[    0.371199] mce: CPU supports 0 MCE banks
[    0.373759] x86: Booted up 1 node, 2 CPUs
[    0.374730] smpboot: Total of 2 processors activated (7199.88 BogoMIPS)
[    0.376148] devtmpfs: initialized
[    0.378310] evm: security.selinux
[    0.378892] evm: security.SMACK64
[    0.379475] evm: security.SMACK64EXEC
[    0.380107] evm: security.SMACK64TRANSMUTE
[    0.380778] evm: security.SMACK64MMAP
[    0.381413] evm: security.ima
[    0.381955] evm: security.capability
[    0.382847] clocksource: jiffies: mask: 0xffffffff max_cycles: 0xffffffff, max_idle_ns: 7645041785100000 ns
[    0.384365] futex hash table entries: 512 (order: 3, 32768 bytes)
[    0.385419] pinctrl core: initialized pinctrl subsystem
[    0.386481] RTC time: 21:13:56, date: 02/21/20
[    0.387446] NET: Registered protocol family 16
[    0.398315] cpuidle: using governor ladder
[    0.410543] cpuidle: using governor menu
[    0.411256] PCCT header not found.
[    0.411936] ACPI: bus type PCI registered
[    0.412614] acpiphp: ACPI Hot Plug PCI Controller Driver version: 0.5
[    0.413652] PCI: Using configuration type 1 for base access
[    0.428996] ACPI: Added _OSI(Module Device)
[    0.432093] ACPI: Added _OSI(Processor Device)
[    0.434996] ACPI: Added _OSI(3.0 _SCP Extensions)
[    0.440505] ACPI: Added _OSI(Processor Aggregator Device)
[    0.445092] ACPI: Executed 1 blocks of module-level executable AML code
[    0.451352] ACPI: Interpreter enabled
[    0.452687] ACPI: (supports S0 S5)
[    0.453689] ACPI: Using IOAPIC for interrupt routing
[    0.455283] PCI: Using host bridge windows from ACPI; if necessary, use "pci=nocrs" and report a bug
[    0.461489] ACPI: PCI Root Bridge [PCI0] (domain 0000 [bus 00-ff])
[    0.462845] acpi PNP0A03:00: _OSC: OS supports [ASPM ClockPM Segments MSI]
[    0.464314] acpi PNP0A03:00: _OSC: not requesting OS control; OS requires [ExtendedConfig ASPM ClockPM MSI]
[    0.466086] acpi PNP0A03:00: fail to add MMCONFIG information, can't access extended PCI configuration space under this bridge.
[    0.468300] PCI host bridge to bus 0000:00
[    0.468985] pci_bus 0000:00: root bus resource [io  0x0000-0x0cf7 window]
[    0.470033] pci_bus 0000:00: root bus resource [io  0x0d00-0xffff window]
[    0.471136] pci_bus 0000:00: root bus resource [mem 0x000a0000-0x000bffff window]
[    0.472415] pci_bus 0000:00: root bus resource [mem 0x40000000-0xfdffffff window]
[    0.475123] pci_bus 0000:00: root bus resource [bus 00-ff]
[    0.477863] pci 0000:00:01.1: legacy IDE quirk: reg 0x10: [io  0x01f0-0x01f7]
[    0.478894] pci 0000:00:01.1: legacy IDE quirk: reg 0x14: [io  0x03f6]
[    0.479830] pci 0000:00:01.1: legacy IDE quirk: reg 0x18: [io  0x0170-0x0177]
[    0.480837] pci 0000:00:01.1: legacy IDE quirk: reg 0x1c: [io  0x0376]
[    0.502465] pci 0000:00:07.0: quirk: [io  0x4000-0x403f] claimed by PIIX4 ACPI
[    0.503729] pci 0000:00:07.0: quirk: [io  0x4100-0x410f] claimed by PIIX4 SMB
[    0.509790] ACPI: PCI Interrupt Link [LNKA] (IRQs 5 9 10 *11)
[    0.512537] ACPI: PCI Interrupt Link [LNKB] (IRQs 5 9 *10 11)
[    0.513834] ACPI: PCI Interrupt Link [LNKC] (IRQs 5 *9 10 11)
[    0.515210] ACPI: PCI Interrupt Link [LNKD] (IRQs 5 9 10 *11)
[    0.516555] ACPI: Enabled 2 GPEs in block 00 to 07
[    0.517719] vgaarb: setting as boot device: PCI:0000:00:02.0
[    0.518702] vgaarb: device added: PCI:0000:00:02.0,decodes=io+mem,owns=io+mem,locks=none
[    0.520031] vgaarb: loaded
[    0.520595] vgaarb: bridge control possible 0000:00:02.0
[    0.521613] SCSI subsystem initialized
[    0.522459] ACPI: bus type USB registered
[    0.523210] usbcore: registered new interface driver usbfs
[    0.524066] usbcore: registered new interface driver hub
[    0.524883] usbcore: registered new device driver usb
[    0.525955] PCI: Using ACPI for IRQ routing
[    0.526915] NetLabel: Initializing
[    0.527505] NetLabel:  domain hash size = 128
[    0.528214] NetLabel:  protocols = UNLABELED CIPSOv4
[    0.529785] NetLabel:  unlabeled traffic allowed by default
[    0.531035] amd_nb: Cannot enumerate AMD northbridges
[    0.531989] clocksource: Switched to clocksource kvm-clock
[    0.540314] AppArmor: AppArmor Filesystem Enabled
[    0.541505] pnp: PnP ACPI init
[    0.543326] pnp: PnP ACPI: found 3 devices
[    0.553233] clocksource: acpi_pm: mask: 0xffffff max_cycles: 0xffffff, max_idle_ns: 2085701024 ns
[    0.555585] NET: Registered protocol family 2
[    0.556935] TCP established hash table entries: 8192 (order: 4, 65536 bytes)
[    0.558466] TCP bind hash table entries: 8192 (order: 5, 131072 bytes)
[    0.559931] TCP: Hash tables configured (established 8192 bind 8192)
[    0.561436] UDP hash table entries: 512 (order: 2, 16384 bytes)
[    0.562597] UDP-Lite hash table entries: 512 (order: 2, 16384 bytes)
[    0.563581] NET: Registered protocol family 1
[    0.564791] pci 0000:00:00.0: Limiting direct PCI/PCI transfers
[    0.566091] pci 0000:00:01.0: Activating ISA DMA hang workarounds
[    0.567086] Unpacking initramfs...
[    0.786285] Freeing initrd memory: 14880K
[    0.787124] clocksource: tsc: mask: 0xffffffffffffffff max_cycles: 0x19f20e3597f, max_idle_ns: 440795284463 ns
[    0.788708] platform rtc_cmos: registered platform RTC device (no PNP device found)
[    0.789990] Scanning for low memory corruption every 60 seconds
[    0.791444] audit: initializing netlink subsys (disabled)
[    0.792370] audit: type=2000 audit(1582319641.277:1): initialized
[    0.793502] Initialise system trusted keyring
[    0.794478] HugeTLB registered 2 MB page size, pre-allocated 0 pages
[    0.796603] zbud: loaded
[    0.797452] VFS: Disk quotas dquot_6.6.0
[    0.798164] VFS: Dquot-cache hash table entries: 512 (order 0, 4096 bytes)
[    0.799326] squashfs: version 4.0 (2009/01/31) Phillip Lougher
[    0.800548] fuse init (API version 7.23)
[    0.801368] Key type big_key registered
[    0.802045] Allocating IMA MOK and blacklist keyrings.
[    0.811971] Key type asymmetric registered
[    0.814223] Asymmetric key parser 'x509' registered
[    0.816434] Block layer SCSI generic (bsg) driver version 0.4 loaded (major 249)
[    0.819349] io scheduler noop registered
[    0.820717] io scheduler deadline registered (default)
[    0.822341] io scheduler cfq registered
[    0.823598] pci_hotplug: PCI Hot Plug PCI Core version: 0.5
[    0.825071] pciehp: PCI Express Hot Plug Controller Driver version: 0.4
[    0.826772] ACPI: AC Adapter [AC] (off-line)
[    0.827934] input: Power Button as /devices/LNXSYSTM:00/LNXPWRBN:00/input/input0
[    0.829595] ACPI: Power Button [PWRF]
[    0.830539] input: Sleep Button as /devices/LNXSYSTM:00/LNXSLPBN:00/input/input1
[    0.832225] ACPI: Sleep Button [SLPF]
[    0.833351] GHES: HEST is not enabled!
[    0.833953] ACPI: Battery Slot [BAT0] (battery present)
[    0.835313] Serial: 8250/16550 driver, 32 ports, IRQ sharing enabled
[    0.856954] 00:02: ttyS0 at I/O 0x3f8 (irq = 4, base_baud = 115200) is a 16550A
[    0.860637] Linux agpgart interface v0.103
[    0.862789] loop: module loaded
[    0.863881] scsi host0: ata_piix
[    0.864677] scsi host1: ata_piix
[    0.865285] ata1: PATA max UDMA/33 cmd 0x1f0 ctl 0x3f6 bmdma 0xd000 irq 14
[    0.866361] ata2: PATA max UDMA/33 cmd 0x170 ctl 0x376 bmdma 0xd008 irq 15
[    0.867441] libphy: Fixed MDIO Bus: probed
[    0.868177] tun: Universal TUN/TAP device driver, 1.6
[    0.870164] tun: (C) 1999-2004 Max Krasnyansky <maxk@qualcomm.com>
[    0.872152] PPP generic driver version 2.4.2
[    0.873018] ehci_hcd: USB 2.0 'Enhanced' Host Controller (EHCI) Driver
[    0.873991] ehci-pci: EHCI PCI platform driver
[    0.874720] ehci-platform: EHCI generic platform driver
[    0.875534] ohci_hcd: USB 1.1 'Open' Host Controller (OHCI) Driver
[    0.876481] ohci-pci: OHCI PCI platform driver
[    0.877210] ohci-platform: OHCI generic platform driver
[    0.878023] uhci_hcd: USB Universal Host Controller Interface driver
[    0.879019] i8042: PNP: PS/2 Controller [PNP0303:PS2K,PNP0f03:PS2M] at 0x60,0x64 irq 1,12
[    0.880742] serio: i8042 KBD port at 0x60,0x64 irq 1
[    0.881531] serio: i8042 AUX port at 0x60,0x64 irq 12
[    0.882569] mousedev: PS/2 mouse device common for all mice
[    0.883790] input: AT Translated Set 2 keyboard as /devices/platform/i8042/serio0/input/input2
[    0.885574] rtc_cmos rtc_cmos: rtc core: registered rtc_cmos as rtc0
[    0.886593] rtc_cmos rtc_cmos: alarms up to one day, 114 bytes nvram
[    0.887532] i2c /dev entries driver
[    0.888210] device-mapper: uevent: version 1.0.3
[    0.889022] device-mapper: ioctl: 4.34.0-ioctl (2015-10-28) initialised: dm-devel@redhat.com
[    0.890413] ledtrig-cpu: registered to indicate activity on CPUs
[    0.891719] NET: Registered protocol family 10
[    0.892709] NET: Registered protocol family 17
[    0.893468] Key type dns_resolver registered
[    0.894673] registered taskstats version 1
[    0.895475] Loading compiled-in X.509 certificates
[    0.896790] Loaded X.509 cert 'Build time autogenerated kernel key: 2501974cc66248a18f8fa54aaac948a5171f77fb'
[    0.898635] zswap: loaded using pool lzo/zbud
[    0.901664] Key type trusted registered
[    0.908176] Key type encrypted registered
[    0.908908] AppArmor: AppArmor sha1 policy hashing enabled
[    0.909809] ima: No TPM chip found, activating TPM-bypass!
[    0.910826] ima: Allocated hash algorithm: sha1
[    0.911779] evm: HMAC attrs: 0x1
[    0.912789]   Magic number: 8:948:247
[    0.913660] rtc_cmos rtc_cmos: setting system clock to 2020-02-21 21:13:57 UTC (1582319637)
[    0.915197] BIOS EDD facility v0.16 2004-Jun-25, 0 devices found
[    0.916151] EDD information not available.
[    1.028122] Freeing unused kernel memory: 1488K
[    1.031296] Write protecting the kernel read-only data: 14336k
[    1.036426] Freeing unused kernel memory: 1604K
[    1.041584] Freeing unused kernel memory: 64K
Loading, please wait...
starting version 229
[    1.087651] random: systemd-udevd: uninitialized urandom read (16 bytes read, 3 bits of entropy available)
[    1.088806] random: udevadm: uninitialized urandom read (16 bytes read, 3 bits of entropy available)
[    1.088835] random: udevadm: uninitialized urandom read (16 bytes read, 3 bits of entropy available)
[    1.097314] random: systemd-udevd: uninitialized urandom read (16 bytes read, 3 bits of entropy available)
[    1.099712] random: udevadm: uninitialized urandom read (16 bytes read, 3 bits of entropy available)
[    1.099762] random: udevadm: uninitialized urandom read (16 bytes read, 3 bits of entropy available)
[    1.099913] random: udevadm: uninitialized urandom read (16 bytes read, 3 bits of entropy available)
[    1.099988] random: udevadm: uninitialized urandom read (16 bytes read, 3 bits of entropy available)
[    1.100091] random: udevadm: uninitialized urandom read (16 bytes read, 3 bits of entropy available)
[    1.100145] random: udevadm: uninitialized urandom read (16 bytes read, 3 bits of entropy available)
[    1.133387] Fusion MPT base driver 3.04.20
[    1.134278] Copyright (c) 1999-2008 LSI Corporation
[    1.135201] e1000: Intel(R) PRO/1000 Network Driver - version 7.3.21-k8-NAPI
[    1.136314] e1000: Copyright (c) 1999-2006 Intel Corporation.
[    1.140186] Fusion MPT SPI Host driver 3.04.20
[    1.154328] AVX2 version of gcm_enc/dec engaged.
[    1.155188] AES CTR mode by8 optimization enabled
[    1.345332] input: ImExPS/2 Generic Explorer Mouse as /devices/platform/i8042/serio1/input/input4
[    1.487418] e1000 0000:00:03.0 eth0: (PCI:33MHz:32-bit) 02:9d:64:b1:e9:53
[    1.489564] e1000 0000:00:03.0 eth0: Intel(R) PRO/1000 Network Connection
[    1.492707] mptbase: ioc0: Initiating bringup
[    1.493072] e1000 0000:00:03.0 enp0s3: renamed from eth0
[    1.686620] ioc0: LSI53C1030 A0: Capabilities={Initiator}
[    3.805429] scsi host2: ioc0: LSI53C1030 A0, FwRev=00000000h, Ports=1, MaxQ=256, IRQ=20
[    4.346125] scsi 2:0:0:0: Direct-Access     VBOX     HARDDISK         1.0  PQ: 0 ANSI: 5
[    4.352177] scsi target2:0:0: Beginning Domain Validation
[    4.358802] scsi target2:0:0: Domain Validation skipping write tests
[    4.365020] scsi target2:0:0: Ending Domain Validation
[    4.369395] scsi target2:0:0: asynchronous
[    4.374683] scsi 2:0:1:0: Direct-Access     VBOX     HARDDISK         1.0  PQ: 0 ANSI: 5
[    4.379646] scsi target2:0:1: Beginning Domain Validation
[    4.383805] scsi target2:0:1: Domain Validation skipping write tests
[    4.385888] scsi target2:0:1: Ending Domain Validation
[    4.387617] scsi target2:0:1: asynchronous
[    4.404971] sd 2:0:0:0: Attached scsi generic sg0 type 0
[    4.405949] sd 2:0:0:0: [sda] 20971520 512-byte logical blocks: (10.7 GB/10.0 GiB)
[    4.407827] sd 2:0:1:0: Attached scsi generic sg1 type 0
[    4.407888] sd 2:0:1:0: [sdb] 20480 512-byte logical blocks: (10.5 MB/10.0 MiB)
[    4.407902] sd 2:0:0:0: [sda] Write Protect is off
[    4.410932] sd 2:0:0:0: [sda] Incomplete mode parameter data
[    4.411814] sd 2:0:0:0: [sda] Assuming drive cache: write through
[    4.412760] sd 2:0:1:0: [sdb] Write Protect is off
[    4.413837] sd 2:0:1:0: [sdb] Incomplete mode parameter data
[    4.414708] sd 2:0:1:0: [sdb] Assuming drive cache: write through
[    4.417142]  sda: sda1
[    4.418595] sd 2:0:0:0: [sda] Attached SCSI disk
[    4.419403] sd 2:0:1:0: [sdb] Attached SCSI disk
Begin: Loading essential drivers ... [    5.735741] md: linear personality registered for level -1
[    5.738735] md: multipath personality registered for level -4
[    5.741647] md: raid0 personality registered for level 0
[    5.745501] md: raid1 personality registered for level 1
[    5.816016] raid6: sse2x1   gen() 11766 MB/s
[    5.884007] raid6: sse2x1   xor()  8794 MB/s
[    5.952009] raid6: sse2x2   gen() 14552 MB/s
[    6.020010] raid6: sse2x2   xor()  9984 MB/s
[    6.088014] raid6: sse2x4   gen() 16519 MB/s
[    6.156044] raid6: sse2x4   xor() 10281 MB/s
[    6.224015] raid6: avx2x1   gen() 20715 MB/s
[    6.292016] raid6: avx2x2   gen() 27097 MB/s
[    6.360009] raid6: avx2x4   gen() 29415 MB/s
[    6.360778] raid6: using algorithm avx2x4 gen() 29415 MB/s
[    6.361592] raid6: using avx2x2 recovery algorithm
[    6.363889] xor: automatically using best checksumming function:
[    6.435315]    avx       : 61195.000 MB/sec
[    6.437621] async_tx: api initialized (async)
[    6.446202] md: raid6 personality registered for level 6
[    6.447100] md: raid5 personality registered for level 5
[    6.447915] md: raid4 personality registered for level 4
[    6.455456] md: raid10 personality registered for level 10
done.
Begin: Running /scripts/init-premount ... done.
Begin: Mounting root file system ... Begin: Running /scripts/local-top ... done.
Begin: Running /scripts/local-premount ... [    6.481989] Btrfs loaded
Scanning for Btrfs filesystems
done.
Warning: fsck not present, so skipping root file system
[    6.510078] EXT4-fs (sda1): mounted filesystem with ordered data mode. Opts: (null)
done.
Begin: Running /scripts/local-bottom ... done.
Begin: Running /scripts/init-bottom ... done.
[    6.663065] systemd[1]: systemd 229 running in system mode. (+PAM +AUDIT +SELINUX +IMA +APPARMOR +SMACK +SYSVINIT +UTMP +LIBCRYPTSETUP +GCRYPT +GNUTLS +ACL +XZ -LZ4 +SECCOMP +BLKID +ELFUTILS +KMOD -IDN)
[    6.670251] systemd[1]: Detected virtualization oracle.
[    6.672011] systemd[1]: Detected architecture x86-64.

Welcome to [1mUbuntu 16.04.6 LTS[0m!

[    6.676737] systemd[1]: Set hostname to <ubuntu>.
[    6.683669] systemd[1]: Initializing machine ID from random generator.
[    6.685014] systemd[1]: Installed transient /etc/machine-id file.
[    6.812918] systemd[1]: Reached target Swap.
[[0;32m  OK  [0m] Reached target Swap.
[    6.814461] systemd[1]: Set up automount Arbitrary Executable File Formats File System Automount Point.
[[0;32m  OK  [0m] Set up automount Arbitrary Executab...ats File System Automount Point.
[    6.817069] systemd[1]: Reached target User and Group Name Lookups.
[[0;32m  OK  [0m] Reached target User and Group Name Lookups.
[    6.818898] systemd[1]: Started Trigger resolvconf update for networkd DNS.
[[0;32m  OK  [0m] Started Trigger resolvconf update for networkd DNS.
[    6.977065] systemd[1]: Listening on udev Control Socket.
[[0;32m  OK  [0m] Listening on udev Control Socket.
[    6.984114] systemd[1]: Listening on Journal Audit Socket.
[[0;32m  OK  [0m] Listening on Journal Audit Socket.
[    6.991226] systemd[1]: Listening on Journal Socket.
[[0;32m  OK  [0m] Listening on Journal Socket.
[    6.998259] systemd[1]: Listening on udev Kernel Socket.
[[0;32m  OK  [0m] Listening on udev Kernel Socket.
[    7.005791] systemd[1]: Created slice System Slice.
[[0;32m  OK  [0m] Created slice System Slice.
[    7.024532] systemd[1]: Mounting POSIX Message Queue File System...
         Mounting POSIX Message Queue File System...
[    7.034116] systemd[1]: Starting Create list of required static device nodes for the current kernel...
         Starting Create list of required st... nodes for the current kernel...
[    7.044694] systemd[1]: Mounting Huge Pages File System...
         Mounting Huge Pages File System...
[    7.050318] systemd[1]: Starting Set console keymap...
         Starting Set console keymap...
[    7.053683] systemd[1]: Mounting Debug File System...
         Mounting Debug File System...
[    7.057255] systemd[1]: Starting Remount Root and Kernel File Systems...
         Starting Remount Root and Kernel File Systems...
[    7.060080] systemd[1]: Starting Uncomplicated firewall...
         Starting Uncomplicated firewall...
[    7.062896] EXT4-fs (sda1): re-mounted. Opts: (null)
[    7.064866] systemd[1]: Starting Load Kernel Modules...
         Starting Load Kernel Modules...
[    7.066560] systemd[1]: Started Forward Password Requests to Wall Directory Watch.
[[0;32m  OK  [0m] Started Forward Password Requests to Wall Directory Watch.
[    7.069451] systemd[1]: Starting Nameserver information manager...
         Starting Nameserver information manager...
[    7.072050] systemd[1]: Listening on Syslog Socket.
[[0;32m  OK  [0m] Listening on Syslog Socket.
[    7.074030] systemd[1]: Created slice User and Session Slice.
[[0;32m  OK  [0m] Created slice User and Session Slice.
[    7.075753] systemd[1]: Reached target Slices.
[    7.078606] Loading iSCSI transport class v2.0-870.
[[0;32m  OK  [0m] Reached target Slices.
[    7.080251] systemd[1]: Listening on LVM2 metadata daemon socket.
[[0;32m  OK  [0m] Listening on LVM2 metadata daemon socket.
[    7.082322] systemd[1]: Created slice system-serial\x2dgetty.slice.
[[0;32m  OK  [0m] Created slice system-serial\x2dgetty.slice.
[    7.084169] systemd[1]: Listening on LVM2 poll daemon socket.
[[0;32m  OK  [0m] Listening on LVM2 poll daemon socket.
[    7.086198] systemd[1]: Listening on Journal Socket (/dev/log).
[[0;32m  OK  [0m] Listening on Journal Socket (/dev/log).
[    7.088287] systemd[1]: Reached target System Time Synchronized.
[[0;32m  OK  [0m] Reached target System Time Synchronized.
[    7.090076] systemd[1]: Listening on Device-mapper event daemon FIFOs.
[[0;32m  OK  [0m] Listening on Device-mapper event daemon FIFOs.
[    7.092529] systemd[1]: Starting Monitoring of LVM2 mirrors, snapshots etc. using dmeventd or progress polling...
         Starting Monitoring of LVM2 mirrors... dmeventd or progress polling...
[    7.096458] systemd[1]: Starting Journal Service...
         Startin[    7.097553] iscsi: registered transport (tcp)
g Journal Service...
[    7.098523] systemd[1]: Reached target Encrypted Volumes.
[[0;32m  OK  [0m] Reached target Encrypted Volumes.
[    7.100601] systemd[1]: Listening on /dev/initctl Compatibility Named Pipe.
[[0;32m  OK  [0m] Listening on /dev/initctl Compatibility Named Pipe.
[    7.104412] systemd[1]: Mounted Debug File System.
[[0;32m  OK  [0m] Mounted Debug File System.
[    7.105993] systemd[1]: Mounted Huge Pages File System.
[[0;32m  OK  [0m] Mounted Huge Pages File System.
[    7.107652] systemd[1]: Mounted POSIX Message Queue File System.
[[0;32m  OK  [0m] Mounted POSIX Message Queue File System.
[    7.109876] systemd[1]: Started Create list of required static device nodes for the current kernel.
[[0;32m  OK  [0m] Started Create list of required sta...ce nodes for the current kernel.
[    7.113334] systemd[1]: Started Set console keymap.
[[0;32m  OK  [0m] Started Set console keymap.
[    7.115598] systemd[1]: Started Remount Root and Kernel File Systems.
[[0;32m  OK  [0m] Started Remount Root and Kernel File Systems.
[    7.118074] systemd[1]: Started Uncomplicated firewall.
[[0;32m  OK  [0m] Started Uncomplicated firewall.
[    7.122581] systemd[1]: Starting Load/Save Random Seed...
         Starting Load/Save Random Seed...
[    7.125817] systemd[1]: Starting udev Coldplug all Devices...
         Starting udev Coldplug all Devices...
[    7.129770] systemd[1]: Starting Create Static Device Nodes in /dev...
         Starting Create Static Device Nodes in /dev...
[    7.132755] systemd[1]: Started Nameserver information manager.
[[0;32m  OK  [0m] Started Nameserver information manager.
[    7.135688] systemd[1]: Started Load/Save Random Seed.
[[0;32m  OK  [0m] Started Load/Save Random Seed.
[    7.138241] systemd[1]: Started LVM2 metadata daemon.
[[0;32m  OK  [0m] Started LVM2 metadata daemon.
[    7.146472] systemd[1]: Started Journal Service.
[[0;32m  OK  [0m] Started Journal Service.
         Starting Flush Journal to Persistent Storage...
[[0;32m  OK  [0m] Started Create Static Device Nodes in /dev.
[    7.167526] iscsi: registered transport (iser)
         Starting udev Kernel Device Manager...
[[0;32m  OK  [0m] Started Load Kernel Modules.
[[0;32m  OK  [0m] Started udev Coldplug all Devices.
[    7.184330] systemd-journald[398]: Received request to flush runtime journal from PID 1
         Mounting FUSE Control File System...
         Starting Apply Kernel Variables...
[[0;32m  OK  [0m] Mounted FUSE Control File System.
[[0;32m  OK  [0m] Started Flush Journal to Persistent Storage.
[[0;32m  OK  [0m] Started Apply Kernel Variables.
[[0;32m  OK  [0m] Started udev Kernel Device Manager.
[[0;32m  OK  [0m] Started Dispatch Password Requests to Console Directory Watch.
[[0;32m  OK  [0m] Found device /dev/ttyS0.
[[0;32m  OK  [0m] Listening on Load/Save RF Kill Switch Status /dev/rfkill Watch.
[[0;32m  OK  [0m] Started Monitoring of LVM2 mirrors,...ng dmeventd or progress polling.
[[0;32m  OK  [0m] Reached target Local File Systems (Pre).
[[0;32m  OK  [0m] Reached target Local File Systems.
         Starting Tell Plymouth To Write Out Runtime Data...
         Starting Initial cloud-init job (pre-networking)...
         Starting Commit a transient machine-id on disk...
         Starting Create Volatile Files and Directories...
         Starting Set console font and keymap...
         Starting LSB: AppArmor initialization...
[[0;32m  OK  [0m] Started Tell Plymouth To Write Out Runtime Data.
[[0;32m  OK  [0m] Started Create Volatile Files and Directories.
         Starting Update UTMP about System Boot/Shutdown...
[[0;32m  OK  [0m] Started Commit a transient machine-id on disk.
[[0;32m  OK  [0m] Started Update UTMP about System Boot/Shutdown.
[[0;32m  OK  [0m] Started Set console font and keymap.
[[0;32m  OK  [0m] Created slice system-getty.slice.
[    8.457887] cloud-init[604]: Cloud-init v. 19.4-33-gbb4131a2-0ubuntu1~16.04.1 running 'init-local' at Fri, 21 Feb 2020 21:14:04 +0000. Up 8.13 seconds.
[[0;32m  OK  [0m] Started LSB: AppArmor initialization.
[[0;32m  OK  [0m] Started Initial cloud-init job (pre-networking).
[[0;32m  OK  [0m] Reached target Network (Pre).
         Starting Raise network interfaces...
[[0;32m  OK  [0m] Started Raise network interfaces.
         Starting Initial cloud-init job (metadata service crawler)...
[[0;32m  OK  [0m] Reached target Network.
[    9.487510] cloud-init[950]: Cloud-init v. 19.4-33-gbb4131a2-0ubuntu1~16.04.1 running 'init' at Fri, 21 Feb 2020 21:14:05 +0000. Up 8.95 seconds.
[    9.489290] cloud-init[950]: ci-info: ++++++++++++++++++++++++++++++++++++++Net device info++++++++++++++++++++++++++++++++++++++
[    9.490885] cloud-init[950]: ci-info: +--------+------+----------------------------+---------------+--------+-------------------+
[    9.492489] cloud-init[950]: ci-info: | Device |  Up  |          Address           |      Mask     | Scope  |     Hw-Address    |
[    9.494090] cloud-init[950]: ci-info: +--------+------+----------------------------+---------------+--------+-------------------+
[    9.495671] cloud-init[950]: ci-info: | enp0s3 | True |         10.0.2.15          | 255.255.255.0 | global | 02:9d:64:b1:e9:53 |
[    9.497214] cloud-init[950]: ci-info: | enp0s3 | True | fe80::9d:64ff:feb1:e953/64 |       .       |  link  | 02:9d:64:b1:e9:53 |
[    9.498750] cloud-init[950]: ci-info: |   lo   | True |         127.0.0.1          |   255.0.0.0   |  host  |         .         |
[    9.500287] cloud-init[950]: ci-info: |   lo   | True |          ::1/128           |       .       |  host  |         .         |
[    9.501825] cloud-init[950]: ci-info: +--------+------+----------------------------+---------------+--------+-------------------+
[    9.503351] cloud-init[950]: ci-info: +++++++++++++++++++++++++++Route IPv4 info++++++++++++++++++++++++++++
[    9.504704] cloud-init[950]: ci-info: +-------+-------------+----------+---------------+-----------+-------+
[    9.505966] cloud-init[950]: ci-info: | Route | Destination | Gateway  |    Genmask    | Interface | Flags |
[    9.507275] cloud-init[950]: ci-info: +-------+-------------+----------+---------------+-----------+-------+
[    9.508681] cloud-init[950]: ci-info: |   0   |   0.0.0.0   | 10.0.2.2 |    0.0.0.0    |   enp0s3  |   UG  |
[    9.510036] cloud-init[950]: ci-info: |   1   |   10.0.2.0  | 0.0.0.0  | 255.255.255.0 |   enp0s3  |   U   |
[    9.511389] cloud-init[950]: ci-info: +-------+-------------+----------+---------------+-----------+-------+
[    9.512724] cloud-init[950]: ci-info: +++++++++++++++++++Route IPv6 info+++++++++++++++++++
[    9.522485] cloud-init[950]: ci-info: +-------+-------------+---------+-----------+-------+
[    9.523673] cloud-init[950]: ci-info: | Route | Destination | Gateway | Interface | Flags |
[    9.524898] cloud-init[950]: ci-info: +-------+-------------+---------+-----------+-------+
[    9.526076] cloud-init[950]: ci-info: |   0   |  fe80::/64  |    ::   |   enp0s3  |   U   |
[    9.527020] cloud-init[950]: ci-info: |   3   |   ff00::/8  |    ::   |   enp0s3  |   U   |
[    9.539842] cloud-init[950]: ci-info: +-------+-------------+---------+-----------+-------+
[    9.540980] cloud-init[950]: Generating public/private rsa key pair.
[    9.542080] cloud-init[950]: Your identification has been saved in /etc/ssh/ssh_host_rsa_key.
[    9.548909] [cloud-init[0;32m  OK  [0m[950]: ] Your public key has been saved in /etc/ssh/ssh_host_rsa_key.pub.Started Initial cloud-init job (metadata service crawler).

[    9.550452] [[0;32m  OK  [0m] Reached target Network is Online.
cloud-init[950]: The key fingerprint is:
[    9.552160] cloud-init[950]: SHA256:KYxx1tuMtOKjnqrBbcL46uhr6RI+e3v+lZ7N01x5KYI root@ubuntu-xenial
[    9.553176] cloud-init[950]: The key's randomart image is:
[    9.560362] cloud-init[950]: +---[RSA 2048]----+
[    9.561111] cloud-init[950]: |                 |
[    9.561765] cloud-init[950]: |       .         |
[    9.562586] cloud-init[950]: |    . o o        |
[    9.563403] cloud-init[950]: |     * . B       |
[    9.564138] cloud-init[950]: |    . + S +     o|
         Starting iSCSI initiator daemon (iscsid)...
[[0;32m  OK  [0m] Reached target Cloud-config availability.
[[0;32m  OK  [0m] Reached target System Initialization.
[    9.578695] cloud-init[950]: |= .  . o E.. . +.|
[    9.581266] cloud-init[950]: |+=.o  o  o  + o .|
[    9.581915] cloud-init[950]: |oBo. + .o +. o   |
[    9.582546] cloud-init[950]: |XOB+B... o o.    |
[[0;32m  OK  [0m] Started ACPI Events Check.
[[0;32m  OK  [0m] Reached target Paths.
[[0;32m  OK  [0m] Listening on UUID daemon activation socket.
         Starting Socket activation for snappy daemon.
[    9.583366] cloud-init[950]: +----[SHA256]-----+
[[0;32m  OK  [0m] Started Daily Cleanup of Temporary Directories.
[    9.586486] cloud-init[950]: Generating public/private dsa key pair.
         Starting LXD - unix socket.
[[0;32m  OK  [0m] Listening on ACPID Listen Socket.
[    9.588481] [cloud-init[0;32m  OK  [0m[950]: ] Your identification has been saved in /etc/ssh/ssh_host_dsa_key.Started Message of the Day.

[    9.589699] [[0;32m  OK  [0m] Started Daily apt download activities.
cloud-init[950]: Your public key has been saved in /etc/ssh/ssh_host_dsa_key.pub.
[    9.590996] [cloud-init[0;32m  OK  [0m[950]: ] The key fingerprint is:Started Daily apt upgrade and clean activities.

[    9.592052] [cloud-init[0;32m  OK  [0m[950]: ] SHA256:JlSpLHX/kJ4A7/Y/Z0TtU54k49QqPhiw0pH8+KfEsv8 root@ubuntu-xenialReached target Timers.

[    9.593358] [[0;32m  OK  [0m] Listening on D-Bus System Message Bus Socket.
cloud-init[950]: The key's randomart image is:
[    9.594468] cloud-init[950]: +---[DSA 1024]----+
[    9.595061] cloud-init[950]: |        ..       |
[    9.595582] cloud-init[950]: |      o.o        |
[    9.596133] cloud-init[950]: |     oo=.. .  .. |
[    9.596876] cloud-init[950]: |    ..o=o +  +.oo|
[    9.597586] cloud-init[950]: |     .o.So +o.=oo|
[    9.598289] cloud-init[950]: |     . *+oo..o.oo|
[    9.598885] cloud-init[950]: |      .o.++ ..  .|
[    9.599435] cloud-init[950]: |        +o.+. o  |
[    9.599965] cloud-init[950]: |       ..o+Eo+   |
[    9.600467] cloud-init[950]: +----[SHA256]-----+
[    9.601045] cloud-init[950]: Generating public/private ecdsa key pair.
[    9.601762] cloud-init[950]: Your identification has been saved in /etc/ssh/ssh_host_ecdsa_key.
[    9.602647] cloud-init[950]: Your public key has been saved in /etc/ssh/ssh_host_ecdsa_key.pub.
[    9.603499] cloud-init[950]: The key fingerprint is:
[    9.604371] [[0;32m  OK  [0m] Listening on Socket activation for snappy daemon.
[[0;32m  OK  [0m] Listening on LXD - unix socket.
[[0;32m  OK  [0m] Reached target Sockets.
[[0;32m  OK  [0m] Reached target Basic System.
cloud-init[950]:          Starting LXD - container startup/shutdown...
SHA256:R+c51uL0RKiym2gLEfkv3XkLssFWlaIcrJ68WBiTQts root@ubuntu-xenial
[    9.608279] [[0;32m  OK  [0m] Started Regular background program processing daemon.
cloud-init         Starting System Logging Service...
[950]: The key's randomart image is:         Starting /etc/rc.local Compatibility...
[[0;32m  OK  [0m] Started D-Bus System Message Bus.

[    9.614022] cloud-init[950]: +---[ECDSA 256]---+
[    9.617510] cloud-init[950]: |                 |
[    9.618702] cloud-init[950]: |     . .     o   |
[    9.619430] cloud-init[950]: |  . o   o o = .  |
[    9.620711] cloud-init[950]: | . o + o + * +   |
[    9.621510] cloud-init[950]: |  o E o S + B o  |
[    9.622424] cloud-init[950]: |   . B = * = =   |
[    9.623225] cloud-init[950]: |    o * O + o .  |
[    9.623967] cloud-init[950]: |     +.= * o .   |
[    9.625751] cloud-init[950]: |    ..+.+   .    |
[    9.626687] cloud-init[950]: +----[SHA256]-----+
[    9.627987] cloud-init[950]: Generating public/private ed25519 key pair.
[    9.629109] cloud-init[950]: Your identification has been saved in /etc/ssh/ssh_host_ed25519_key.
[    9.630511] cloud-init[950]: Your public key has been saved in /etc/ssh/ssh_host_ed25519_key.pub.
[    9.631866] cloud-init[950]: The key fingerprint is:
[    9.632855] cloud-init[950]: SHA256:9khZJ6oE5EudqHPwYk2+uJV0Zn+771V53S2OXsl4Slg root@ubuntu-xenial
[    9.634173] cloud-init[950]: The key's randomart image is:
[    9.635067] cloud-init[950]: +--[ED25519 256]--+
[    9.636088] cloud-init[950]: |    .            |
[    9.637122] cloud-init[950]: |   o o .         |
[    9.638009] cloud-init[950]: |  . * o   o .    |
[    9.638719] cloud-init[950]: |   O o   + o    =|
[    9.639658] cloud-init[950]: |  = B = S   E ..*|
[    9.640398] cloud-init[950]: | . * B = o o = +.|
[    9.641146] cloud-init[950]: |  . + . o + + B  |
[    9.641884] cloud-init[950]: |   o     . + =   |
[    9.642712] cloud-init[950]: |  .       o+=    |
[    9.643465] cloud-init[950]: +----[SHA256]-----+
         Starting Virtualbox guest utils...
[[0;32m  OK  [0m] Started FUSE filesystem for LXC.
[[0;32m  OK  [0m] Started Deferred execution scheduler.
         Starting Snappy daemon...
         Starting LSB: Record successful boot for GRUB...
         Starting LSB: MD monitoring daemon...
         Starting Login Service...
[[0;32m  OK  [0m] Started ACPI event daemon.
         Starting Pollinate to seed the pseudo random number generator...
         Starting Accounts Service...
[[0;32m  OK  [0m] Started System Logging Service.
[[0;32m  OK  [0m] Started iSCSI initiator daemon (iscsid).
[[0;32m  OK  [0m] Started /etc/rc.local Compatibility.
         Starting Login to default iSCSI targets...
[[0;32m  OK  [0m] Started Login Service.
[[0;32m  OK  [0m] Started Unattended Upgrades Shutdown.
[[0;32m  OK  [0m] Started Login to default iSCSI targets.
[[0;32m  OK  [0m] Reached target Remote File Systems (Pre).
[[0;32m  OK  [0m] Reached target Remote File Systems.
         Starting Permit User Sessions...
         Starting LSB: daemon to balance interrupts for SMP systems...
         Starting LSB: automatic crash report generation...
         Starting LSB: Set the CPU Frequency Scaling governor to "ondemand"...
[[0;32m  OK  [0m] Started Permit User Sessions.
         Starting Terminate Plymouth Boot Screen...
         Starting Hold until boot process finishes up...
[[0;32m  OK  [0m] Started Hold until boot process finishes up.
         Starting Set console scheme...
[[0;32m  OK  [0m] Started Serial Getty on ttyS0.
[[0;32m  OK  [0m] Started Getty on tty1.
[[0;32m  OK  [0m] Reached target Login Prompts.
[[0;32m  OK  [0m] Started Set console scheme.
[[0;32m  OK  [0m] Started Terminate Plymouth Boot Screen.
[[0;32m  OK  [0m] Started LSB: MD monitoring daemon.
[[0;32m  OK  [0m] Started LSB: Record successful boot for GRUB.
[[0;32m  OK  [0m] Started LSB: Set the CPU Frequency Scaling governor to "ondemand".
[[0;32m  OK  [0m] Started LSB: automatic crash report generation.
[[0;32m  OK  [0m] Started LSB: daemon to balance interrupts for SMP systems.
         Starting Authenticate and Authorize Users to Run Privileged Tasks...
[[0;32m  OK  [0m] Started LXD - container startup/shutdown.
[[0;32m  OK  [0m] Started Authenticate and Authorize Users to Run Privileged Tasks.
[[0;32m  OK  [0m] Started Accounts Service.
[[0;32m  OK  [0m] Started Virtualbox guest utils.
[[0;32m  OK  [0m] Started Snappy daemon.
         Starting Wait until snapd is fully seeded...
[[0;32m  OK  [0m] Started Pollinate to seed the pseudo random number generator.
         Starting OpenBSD Secure Shell server...
[[0;32m  OK  [0m] Started OpenBSD Secure Shell server.
[[0;32m  OK  [0m] Created slice User Slice of vagrant.
         Starting User Manager for UID 1000...
[[0;32m  OK  [0m] Started Session 1 of user vagrant.
[[0;32m  OK  [0m] Started User Manager for UID 1000.
[[0;32m  OK  [0m] Started Wait until snapd is fully seeded.
[[0;32m  OK  [0m] Reached target Multi-User System.
[[0;32m  OK  [0m] Reached target Graphical Interface.
         Starting Update UTMP about System Runlevel Changes...
         Starting Apply the settings specified in cloud-config...
[[0;32m  OK  [0m] Started Update UTMP about System Runlevel Changes.
[   13.449665] cloud-init[1421]: Generating locales (this might take a while)...
[[0;32m  OK  [0m] Started Session 2 of user vagrant.
[   14.160161] cloud-init[1421]:   en_US.UTF-8... done
[   14.161126] cloud-init[1421]: Generation complete.
[   14.406054] cloud-init[1421]: Cloud-init v. 19.4-33-gbb4131a2-0ubuntu1~16.04.1 running 'modules:config' at Fri, 21 Feb 2020 21:14:10 +0000. Up 13.37 seconds.
[[0;32m  OK  [0m] Started Apply the settings specified in cloud-config.
         Starting Execute cloud user/final scripts...
ci-info: no authorized SSH keys fingerprints found for user ubuntu.
<14>Feb 21 21:14:11 ec2: 
<14>Feb 21 21:14:11 ec2: #############################################################
<14>Feb 21 21:14:11 ec2: -----BEGIN SSH HOST KEY FINGERPRINTS-----
<14>Feb 21 21:14:11 ec2: 1024 SHA256:JlSpLHX/kJ4A7/Y/Z0TtU54k49QqPhiw0pH8+KfEsv8 root@ubuntu-xenial (DSA)
<14>Feb 21 21:14:11 ec2: 256 SHA256:R+c51uL0RKiym2gLEfkv3XkLssFWlaIcrJ68WBiTQts root@ubuntu-xenial (ECDSA)
<14>Feb 21 21:14:11 ec2: 256 SHA256:9khZJ6oE5EudqHPwYk2+uJV0Zn+771V53S2OXsl4Slg root@ubuntu-xenial (ED25519)
<14>Feb 21 21:14:11 ec2: 2048 SHA256:KYxx1tuMtOKjnqrBbcL46uhr6RI+e3v+lZ7N01x5KYI root@ubuntu-xenial (RSA)
<14>Feb 21 21:14:11 ec2: -----END SSH HOST KEY FINGERPRINTS-----
<14>Feb 21 21:14:11 ec2: #############################################################
-----BEGIN SSH HOST KEY KEYS-----
ecdsa-sha2-nistp256 AAAAE2VjZHNhLXNoYTItbmlzdHAyNTYAAAAIbmlzdHAyNTYAAABBBHfHOYeekat0oIyNu2gDNkvWDx45glOA2S1OKTHfaWJNg5hiMULL064p/IpH12w/GeczVC3NKU1TcoRdelrWXe4= root@ubuntu-xenial
ssh-ed25519 AAAAC3NzaC1lZDI1NTE5AAAAIOdoAxnLjzOVubR8dV5Yjr92WpSq4qaA2yIPj5mo2xfK root@ubuntu-xenial
ssh-rsa AAAAB3NzaC1yc2EAAAADAQABAAABAQCxIWdnGqe8bNgXiM8iU6WYKd7beOVckrOOhacoIEgPwxLLmgGfJVi2ZsIZsLO+Sn2Mbb2JIaNHVq7HrrA7OItiWI5u0sZx7C3Lp5cLAw9HTLIlqXBtrCRlIIM2z13RR9JQ2V3Cs1dB/PlPmOotVOraX3svdZ5u1x3Wu8AWqKCGU5lJYdrfive4yS7sglHG1wXslXuBn529j5bEVGnLQEk5TzxU4HIJj6fYc5nfWxtS9WSJo/yO7vPQIqC6Ccay9H81QOw2uYz5x+TvA7H2LbML1TaqwQNiXIDN+aEF6ngfqxHVKh5EZ+SJAm+Rf0/Te9rAN/IJeyorLrLVVxdxzbst root@ubuntu-xenial
-----END SSH HOST KEY KEYS-----
[   14.839697] cloud-init[1585]: Cloud-init v. 19.4-33-gbb4131a2-0ubuntu1~16.04.1 running 'modules:final' at Fri, 21 Feb 2020 21:14:11 +0000. Up 14.71 seconds.
[   14.841121] cloud-init[1585]: ci-info: no authorized SSH keys fingerprints found for user ubuntu.
[   14.842016] cloud-init[1585]: Cloud-init v. 19.4-33-gbb4131a2-0ubuntu1~16.04.1 finished at Fri, 21 Feb 2020 21:14:11 +0000. Datasource DataSourceNoCloud [seed=/dev/sdb][dsmode=net].  Up 14.83 seconds

Ubuntu 16.04.6 LTS ubuntu-xenial ttyS0

ubuntu-xenial login: [29103.661014] e1000 0000:00:03.0 enp0s3: Detected Tx Unit Hang
[29103.661014]   Tx Queue             <0>
[29103.661014]   TDH                  <de>
[29103.661014]   TDT                  <e0>
[29103.661014]   next_to_use          <e0>
[29103.661014]   next_to_clean        <de>
[29103.661014] buffer_info[next_to_clean]
[29103.661014]   time_stamp           <1006ddee1>
[29103.661014]   next_to_watch        <df>
[29103.661014]   jiffies              <1006de145>
[29103.661014]   next_to_watch.status <0>
[29105.734410] e1000 0000:00:03.0 enp0s3: Detected Tx Unit Hang
[29105.734410]   Tx Queue             <0>
[29105.734410]   TDH                  <de>
[29105.734410]   TDT                  <e0>
[29105.734410]   next_to_use          <e0>
[29105.734410]   next_to_clean        <de>
[29105.734410] buffer_info[next_to_clean]
[29105.734410]   time_stamp           <1006ddee1>
[29105.734410]   next_to_watch        <df>
[29105.734410]   jiffies              <1006de34b>
[29105.734410]   next_to_watch.status <0>
[29107.113666] e1000 0000:00:03.0 enp0s3: Reset adapter
